2025-08-05 14:27:44.140 +00:00 [INF] Robot position:X:3,Y:0,Facing:N
2025-08-05 14:27:44.181 +00:00 [INF] Robot position:X:3,Y:0,Facing:W
2025-08-05 14:27:44.182 +00:00 [INF] Robot position:X:2,Y:0,Facing:W
2025-08-05 14:27:44.183 +00:00 [INF] Robot cleaned cell at:X:2,Y:0,Facing:W
2025-08-05 14:27:44.183 +00:00 [INF] Robot position:X:1,Y:0,Facing:W
2025-08-05 14:27:44.183 +00:00 [INF] Robot cleaned cell at:X:1,Y:0,Facing:W
2025-08-05 14:27:44.183 +00:00 [INF] Robot position:X:1,Y:0,Facing:N
2025-08-05 14:27:44.184 +00:00 [INF] Robot hit wall at:X:1,Y:0,Facing:N
2025-08-05 14:27:44.185 +00:00 [INF] Robot BackOffStrategy Step0 Cmd0 TR position:X:1,Y:0,Facing:E
2025-08-05 14:27:44.185 +00:00 [INF] Robot BackOffStrategy Step0 Cmd1 A position:X:2,Y:0,Facing:E
2025-08-05 14:27:44.185 +00:00 [INF] Robot BackOffStrategy Step0 Cmd2 TL position:X:2,Y:0,Facing:N
2025-08-05 14:27:44.185 +00:00 [INF] Robot cleaned cell at:X:2,Y:0,Facing:N
2025-08-05 14:28:20.653 +00:00 [INF] Robot position:X:3,Y:1,Facing:S
2025-08-05 14:28:20.694 +00:00 [INF] Robot position:X:3,Y:1,Facing:W
2025-08-05 14:28:20.695 +00:00 [INF] Robot hit wall at:X:3,Y:1,Facing:W
2025-08-05 14:28:20.697 +00:00 [INF] Robot BackOffStrategy Step0 Cmd0 TR position:X:3,Y:1,Facing:N
2025-08-05 14:28:20.697 +00:00 [INF] Robot BackOffStrategy Step0 Cmd1 A position:X:3,Y:0,Facing:N
2025-08-05 14:28:20.697 +00:00 [INF] Robot BackOffStrategy Step0 Cmd2 TL position:X:3,Y:0,Facing:W
2025-08-05 14:28:20.698 +00:00 [INF] Robot cleaned cell at:X:3,Y:0,Facing:W
2025-08-05 14:28:20.699 +00:00 [INF] Robot position:X:2,Y:0,Facing:W
2025-08-05 14:28:20.699 +00:00 [INF] Robot cleaned cell at:X:2,Y:0,Facing:W
2025-08-05 14:28:20.699 +00:00 [INF] Robot position:X:2,Y:0,Facing:N
2025-08-05 14:28:20.699 +00:00 [INF] Robot hit wall at:X:2,Y:0,Facing:N
2025-08-05 14:28:20.699 +00:00 [INF] Robot BackOffStrategy Step0 Cmd0 TR position:X:2,Y:0,Facing:E
2025-08-05 14:28:20.699 +00:00 [INF] Robot BackOffStrategy Step0 Cmd1 A position:X:3,Y:0,Facing:E
2025-08-05 14:28:20.700 +00:00 [INF] Robot BackOffStrategy Step0 Cmd2 TL position:X:3,Y:0,Facing:N
2025-08-05 14:28:20.700 +00:00 [INF] Robot cleaned cell at:X:3,Y:0,Facing:N
2025-08-05 14:33:30.584 +00:00 [INF] Robot position:X:3,Y:0,Facing:N
2025-08-05 14:33:30.626 +00:00 [INF] Robot position:X:3,Y:0,Facing:W
2025-08-05 14:33:30.627 +00:00 [INF] Robot position:X:2,Y:0,Facing:W
2025-08-05 14:33:30.628 +00:00 [INF] Robot cleaned cell at:X:2,Y:0,Facing:W
2025-08-05 14:33:30.628 +00:00 [INF] Robot position:X:1,Y:0,Facing:W
2025-08-05 14:33:30.628 +00:00 [INF] Robot cleaned cell at:X:1,Y:0,Facing:W
2025-08-05 14:33:30.628 +00:00 [INF] Robot position:X:1,Y:0,Facing:N
2025-08-05 14:33:30.629 +00:00 [INF] Robot hit wall at:X:1,Y:0,Facing:N
2025-08-05 14:33:30.630 +00:00 [INF] Robot BackOffStrategy Step0 Cmd0 TR position:X:1,Y:0,Facing:E
2025-08-05 14:33:30.630 +00:00 [INF] Robot BackOffStrategy Step0 Cmd1 A position:X:2,Y:0,Facing:E
2025-08-05 14:33:30.630 +00:00 [INF] Robot BackOffStrategy Step0 Cmd2 TL position:X:2,Y:0,Facing:N
2025-08-05 14:33:30.630 +00:00 [INF] Robot cleaned cell at:X:2,Y:0,Facing:N
2025-08-05 14:33:53.516 +00:00 [INF] Robot position:X:3,Y:1,Facing:S
2025-08-05 14:33:53.559 +00:00 [INF] Robot position:X:3,Y:1,Facing:W
2025-08-05 14:33:53.561 +00:00 [INF] Robot hit wall at:X:3,Y:1,Facing:W
2025-08-05 14:33:53.562 +00:00 [INF] Robot BackOffStrategy Step0 Cmd0 TR position:X:3,Y:1,Facing:N
2025-08-05 14:33:53.562 +00:00 [INF] Robot BackOffStrategy Step0 Cmd1 A position:X:3,Y:0,Facing:N
2025-08-05 14:33:53.562 +00:00 [INF] Robot BackOffStrategy Step0 Cmd2 TL position:X:3,Y:0,Facing:W
2025-08-05 14:33:53.563 +00:00 [INF] Robot cleaned cell at:X:3,Y:0,Facing:W
2025-08-05 14:33:53.563 +00:00 [INF] Robot position:X:2,Y:0,Facing:W
2025-08-05 14:33:53.563 +00:00 [INF] Robot cleaned cell at:X:2,Y:0,Facing:W
2025-08-05 14:33:53.563 +00:00 [INF] Robot position:X:2,Y:0,Facing:N
2025-08-05 14:33:53.564 +00:00 [INF] Robot hit wall at:X:2,Y:0,Facing:N
2025-08-05 14:33:53.564 +00:00 [INF] Robot BackOffStrategy Step0 Cmd0 TR position:X:2,Y:0,Facing:E
2025-08-05 14:33:53.564 +00:00 [INF] Robot BackOffStrategy Step0 Cmd1 A position:X:3,Y:0,Facing:E
2025-08-05 14:33:53.564 +00:00 [INF] Robot BackOffStrategy Step0 Cmd2 TL position:X:3,Y:0,Facing:N
2025-08-05 14:33:53.564 +00:00 [INF] Robot cleaned cell at:X:3,Y:0,Facing:N
2025-08-05 14:34:51.007 +00:00 [ERR] Start position is outside the map bounds
2025-08-05 14:35:15.098 +00:00 [ERR] All map rows must have the same length
2025-08-05 14:37:23.695 +00:00 [INF] Starting cleaning at position X:3, Y:0, Facing:N with 80 battery
2025-08-05 14:37:23.738 +00:00 [INF] Robot position X:3, Y:0, Facing:W, Battery remaining: 79
2025-08-05 14:37:23.740 +00:00 [INF] Robot position X:2, Y:0, Facing:W, Battery remaining: 77
2025-08-05 14:37:23.740 +00:00 [INF] Robot cleaned cell at X:2, Y:0, Facing:W, Battery remaining: 72
2025-08-05 14:37:23.741 +00:00 [INF] Robot position X:1, Y:0, Facing:W, Battery remaining: 70
2025-08-05 14:37:23.741 +00:00 [INF] Robot cleaned cell at X:1, Y:0, Facing:W, Battery remaining: 65
2025-08-05 14:37:23.741 +00:00 [INF] Robot position X:1, Y:0, Facing:N, Battery remaining: 64
2025-08-05 14:37:23.742 +00:00 [INF] Robot hit obstacle at target X:1, Y:-1 while at X:1, Y:0, Facing:N
2025-08-05 14:37:23.742 +00:00 [INF] Robot BackOffStrategy Step0, Command0: TR, Position X:1, Y:0, Facing:E, Battery: 61
2025-08-05 14:37:23.743 +00:00 [INF] Robot BackOffStrategy Step0, Command1: A, Position X:2, Y:0, Facing:E, Battery: 59
2025-08-05 14:37:23.743 +00:00 [INF] Robot BackOffStrategy Step0, Command2: TL, Position X:2, Y:0, Facing:N, Battery: 58
2025-08-05 14:37:23.743 +00:00 [INF] Robot cleaned cell at X:2, Y:0, Facing:N, Battery remaining: 53
2025-08-05 14:37:23.743 +00:00 [INF] Cleaning completed. Final position X:2, Y:0, Facing:N
2025-08-05 14:37:23.743 +00:00 [INF] Visited 3 cells, cleaned 2 cells, battery remaining: 53
2025-08-05 14:37:47.483 +00:00 [INF] Starting cleaning at position X:3, Y:1, Facing:S with 1094 battery
2025-08-05 14:37:47.527 +00:00 [INF] Robot position X:3, Y:1, Facing:W, Battery remaining: 1093
2025-08-05 14:37:47.528 +00:00 [INF] Robot hit obstacle at target X:2, Y:1 while at X:3, Y:1, Facing:W
2025-08-05 14:37:47.529 +00:00 [INF] Robot BackOffStrategy Step0, Command0: TR, Position X:3, Y:1, Facing:N, Battery: 1090
2025-08-05 14:37:47.529 +00:00 [INF] Robot BackOffStrategy Step0, Command1: A, Position X:3, Y:0, Facing:N, Battery: 1088
2025-08-05 14:37:47.529 +00:00 [INF] Robot BackOffStrategy Step0, Command2: TL, Position X:3, Y:0, Facing:W, Battery: 1087
2025-08-05 14:37:47.529 +00:00 [INF] Robot cleaned cell at X:3, Y:0, Facing:W, Battery remaining: 1082
2025-08-05 14:37:47.530 +00:00 [INF] Robot position X:2, Y:0, Facing:W, Battery remaining: 1080
2025-08-05 14:37:47.530 +00:00 [INF] Robot cleaned cell at X:2, Y:0, Facing:W, Battery remaining: 1075
2025-08-05 14:37:47.530 +00:00 [INF] Robot position X:2, Y:0, Facing:N, Battery remaining: 1074
2025-08-05 14:37:47.531 +00:00 [INF] Robot hit obstacle at target X:2, Y:-1 while at X:2, Y:0, Facing:N
2025-08-05 14:37:47.531 +00:00 [INF] Robot BackOffStrategy Step0, Command0: TR, Position X:2, Y:0, Facing:E, Battery: 1071
2025-08-05 14:37:47.531 +00:00 [INF] Robot BackOffStrategy Step0, Command1: A, Position X:3, Y:0, Facing:E, Battery: 1069
2025-08-05 14:37:47.531 +00:00 [INF] Robot BackOffStrategy Step0, Command2: TL, Position X:3, Y:0, Facing:N, Battery: 1068
2025-08-05 14:37:47.531 +00:00 [INF] Robot cleaned cell at X:3, Y:0, Facing:N, Battery remaining: 1063
2025-08-05 14:37:47.532 +00:00 [INF] Cleaning completed. Final position X:3, Y:0, Facing:N
2025-08-05 14:37:47.532 +00:00 [INF] Visited 3 cells, cleaned 2 cells, battery remaining: 1063
